// Jest Snapshot v1, https://goo.gl/fbAQLP

exports[`<ControlConnectedItems /> it matches a snapshot 1`] = `
Object {
  "asFragment": [Function],
  "baseElement": <body>
    <div>
      <div
        class="ant-col connectedItem ant-col-xs-24"
      >
        <div
          class="ant-row"
          style="margin: -8px -8px 8px -8px;"
        >
          <div
            class="ant-col ant-col-xs-24"
            style="padding: 8px 8px 8px 8px;"
          >
            <span
              class="ant-typography"
              style="font-weight: 600;"
            >
              Connected items
            </span>
          </div>
        </div>
        <div
          class="ant-row"
          style="margin-left: -8px; margin-right: -8px;"
        >
          <div
            class="ant-col ant-col-xs-24"
            style="padding-left: 8px; padding-right: 8px;"
          >
            <span
              class="ant-typography ant-typography-secondary"
            >
              Requirements (
              4
              )
            </span>
          </div>
        </div>
        <div
          class="ant-row"
          style="margin: -8px -8px 8px -8px;"
        >
          <div
            class="ant-col ant-col-xs-24"
            data-testid="list"
            style="padding: 8px 8px 8px 8px;"
          >
            <a
              href="/requirements/e6d9d11e-f662-4102-a48c-8eaa1e4dade3"
              style="display: block;"
            >
              Equipment maintenance
            </a>
            <a
              href="/requirements/005034f1-c4f6-4b2b-8825-175c1d5de2f9"
              style="display: block;"
            >
              Classification of information
            </a>
            <a
              href="/requirements/979a092e-2b5b-4fa9-858d-641104dc9d85"
              style="display: block;"
            >
              Policies for information security
            </a>
            <a
              href="/requirements/0f7d4d87-47fa-4d07-9dc4-f55ba22229d7"
              style="display: block;"
            >
              Review of Information Security Policy
            </a>
          </div>
        </div>
      </div>
    </div>
  </body>,
  "container": <div>
    <div
      class="ant-col connectedItem ant-col-xs-24"
    >
      <div
        class="ant-row"
        style="margin: -8px -8px 8px -8px;"
      >
        <div
          class="ant-col ant-col-xs-24"
          style="padding: 8px 8px 8px 8px;"
        >
          <span
            class="ant-typography"
            style="font-weight: 600;"
          >
            Connected items
          </span>
        </div>
      </div>
      <div
        class="ant-row"
        style="margin-left: -8px; margin-right: -8px;"
      >
        <div
          class="ant-col ant-col-xs-24"
          style="padding-left: 8px; padding-right: 8px;"
        >
          <span
            class="ant-typography ant-typography-secondary"
          >
            Requirements (
            4
            )
          </span>
        </div>
      </div>
      <div
        class="ant-row"
        style="margin: -8px -8px 8px -8px;"
      >
        <div
          class="ant-col ant-col-xs-24"
          data-testid="list"
          style="padding: 8px 8px 8px 8px;"
        >
          <a
            href="/requirements/e6d9d11e-f662-4102-a48c-8eaa1e4dade3"
            style="display: block;"
          >
            Equipment maintenance
          </a>
          <a
            href="/requirements/005034f1-c4f6-4b2b-8825-175c1d5de2f9"
            style="display: block;"
          >
            Classification of information
          </a>
          <a
            href="/requirements/979a092e-2b5b-4fa9-858d-641104dc9d85"
            style="display: block;"
          >
            Policies for information security
          </a>
          <a
            href="/requirements/0f7d4d87-47fa-4d07-9dc4-f55ba22229d7"
            style="display: block;"
          >
            Review of Information Security Policy
          </a>
        </div>
      </div>
    </div>
  </div>,
  "debug": [Function],
  "findAllByAltText": [Function],
  "findAllByDisplayValue": [Function],
  "findAllByLabelText": [Function],
  "findAllByPlaceholderText": [Function],
  "findAllByRole": [Function],
  "findAllByTestId": [Function],
  "findAllByText": [Function],
  "findAllByTitle": [Function],
  "findByAltText": [Function],
  "findByDisplayValue": [Function],
  "findByLabelText": [Function],
  "findByPlaceholderText": [Function],
  "findByRole": [Function],
  "findByTestId": [Function],
  "findByText": [Function],
  "findByTitle": [Function],
  "getAllByAltText": [Function],
  "getAllByDisplayValue": [Function],
  "getAllByLabelText": [Function],
  "getAllByPlaceholderText": [Function],
  "getAllByRole": [Function],
  "getAllByTestId": [Function],
  "getAllByText": [Function],
  "getAllByTitle": [Function],
  "getByAltText": [Function],
  "getByDisplayValue": [Function],
  "getByLabelText": [Function],
  "getByPlaceholderText": [Function],
  "getByRole": [Function],
  "getByTestId": [Function],
  "getByText": [Function],
  "getByTitle": [Function],
  "queryAllByAltText": [Function],
  "queryAllByDisplayValue": [Function],
  "queryAllByLabelText": [Function],
  "queryAllByPlaceholderText": [Function],
  "queryAllByRole": [Function],
  "queryAllByTestId": [Function],
  "queryAllByText": [Function],
  "queryAllByTitle": [Function],
  "queryByAltText": [Function],
  "queryByDisplayValue": [Function],
  "queryByLabelText": [Function],
  "queryByPlaceholderText": [Function],
  "queryByRole": [Function],
  "queryByTestId": [Function],
  "queryByText": [Function],
  "queryByTitle": [Function],
  "rerender": [Function],
  "unmount": [Function],
}
`;
