// Jest Snapshot v1, https://goo.gl/fbAQLP

exports[`<AlComment /> it renders a google button 1`] = `ShallowWrapper {}`;
