// Jest Snapshot v1, https://goo.gl/fbAQLP

exports[`<AlButton /> it renders a button 1`] = `ShallowWrapper {}`;
